
> angular@0.0.0 start
> ng serve  --no-hmr --disable-host-check --port 3000 --host 0.0.0.0

Warning: Running a server with --disable-host-check is a security risk. See https://medium.com/webpack/webpack-dev-server-middleware-security-issues-1489d950874a for more information.
The "disableHostCheck" option will not be used because it is not supported by the "@angular-devkit/build-angular:application" builder.
❯ Building...
✔ Building...
Browser bundles     
Initial chunk files  | Names            |  Raw size
polyfills.js         | polyfills        |  90.20 kB | 
main.js              | main             |  19.35 kB | 
styles.css           | styles           | 155 bytes | 

                     | Initial total    | 109.71 kB


Server bundles      
Initial chunk files  | Names            |  Raw size
polyfills.server.mjs | polyfills.server | 572.91 kB | 
chunk-AT3TIQ3X.mjs   | -                |  19.79 kB | 
server.mjs           | server           |   1.39 kB | 
main.server.mjs      | main.server      | 800 bytes | 

Application bundle generation complete. [2.919 seconds]

Watch mode enabled. Watching for file changes...
NOTE: Raw file sizes do not reflect development server per-request transformations.
  ➜  Local:   http://localhost:3000/
  ➜  Network: http://172.17.0.2:3000/
NG02801: Angular detected that `HttpClient` is not configured to use `fetch` APIs. It's strongly recommended to enable `fetch` for applications that use Server-Side Rendering for better performance and compatibility. To enable `fetch`, add the `withFetch()` to the `provideHttpClient()` call at the root of the application.
❯ Changes detected. Rebuilding...
✔ Changes detected. Rebuilding...
Browser bundles    
Initial chunk files | Names       |  Raw size
main.js             | main        |  19.57 kB | 


Server bundles     
Initial chunk files | Names       |  Raw size
chunk-AGCU6GO3.mjs  | -           |  20.00 kB | 
server.mjs          | server      |   1.39 kB | 
main.server.mjs     | main.server | 800 bytes | 

Application bundle generation complete. [0.788 seconds]

Page reload sent to client(s).
